// Jest Snapshot v1, https://goo.gl/fbAQLP

exports[`PanelBody render with minimal props 1`] = `
<div
  className="card-body"
/>
`;
