// Jest Snapshot v1, https://goo.gl/fbAQLP

exports[`ModalButton renders with minimal props 1`] = `
Array [
  <button
    onClick={[Function]}
  />,
  <div />,
]
`;
