// Jest Snapshot v1, https://goo.gl/fbAQLP

exports[`Page renders with minimal props 1`] = `
<div
  className="container-fluid"
>
  <h1
    className="h3 mb-4 text-gray-800"
  >
    My page
  </h1>
  <p>
    content
  </p>
  <p>
    and more content
  </p>
</div>
`;
