// Jest Snapshot v1, https://goo.gl/fbAQLP

exports[`Panel render with minimal props 1`] = `
<div
  className="card shadow mb-4"
/>
`;
